<html>
<body>
<pre>
<h1>µVision Build Log</h1>
<h2>Project:</h2>
C:\Users\IDEAPAD\OneDrive\Desktop\projects\Keil\Project\UART\UART.uvproj
Project File Date:  04/03/2024

<h2>Output:</h2>
Rebuild target 'Target 1'
assembling Startup.s...
compiling main.c...
UART.h(38): warning:  #1-D: last line of file ends without a newline
  }
main.c(14): warning:  #1-D: last line of file ends without a newline
  }
main.c: 2 warnings, 0 errors
linking...
Program Size: Code=900 RO-data=16 RW-data=0 ZI-data=1256  
FromELF: creating hex file...
".\UART.axf" - 0 Error(s), 2 Warning(s).
</pre>
</body>
</html>
