<html>
<body>
<pre>
<h1>µVision Build Log</h1>
<h2>Project:</h2>
C:\Users\IDEAPAD\OneDrive\Desktop\projects\Keil\Assignment\7 segment\Q2\7 Segment - Q2.uvproj
Project File Date:  03/20/2024

<h2>Output:</h2>
Build target 'Target 1'
linking...
Program Size: Code=800 RO-data=16 RW-data=0 ZI-data=1256  
FromELF: creating hex file...
".\7 Segment - Q2.axf" - 0 Error(s), 0 Warning(s).
</pre>
</body>
</html>
O-data=16 RW-data=0 ZI-data=1256  
FromELF: creating hex file...
".\7 Segment - Q2.axf" - 0 Error(s), 1 Warning(s).
