<html>
<body>
<pre>
<h1>µVision Build Log</h1>
<h2>Project:</h2>
C:\Users\IDEAPAD\OneDrive\Desktop\projects\Keil\Assignment\8 LED\Q3\8 LED - Q3.uvproj
Project File Date:  03/03/2024

<h2>Output:</h2>
Build target 'Target 1'
linking...
Program Size: Code=712 RO-data=16 RW-data=0 ZI-data=1256  
FromELF: creating hex file...
".\8 LED - Q3.axf" - 0 Error(s), 0 Warning(s).
</pre>
</body>
</html>
 
FromELF: creating hex file...
".\8 LED - Q3.axf" - 0 Error(s), 1 Warning(s).
0 Error(s), 1 Warning(s).
tax error
                x++;
8 LED - Q3.c(49): warning:  #1-D: last line of file ends without a newline
  }
8 LED - Q3.c(49): error:  #169: expected a declaration
  }
".\8 LED - Q3.axf" - 3 Error(s), 2 Warning(s).
Target not created
