<html>
<body>
<pre>
<h1>µVision Build Log</h1>
<h2>Project:</h2>
C:\Users\IDEAPAD\OneDrive\Desktop\projects\Keil\Assignment\Switch\Q4,5 and 6\Switch - Q4 and Q5 and Q6.uvproj
Project File Date:  03/11/2024

<h2>Output:</h2>
Build target 'Target 1'
linking...
Program Size: Code=1060 RO-data=16 RW-data=0 ZI-data=1256  
FromELF: creating hex file...
".\Switch - Q4 and Q5 and Q6.axf" - 0 Error(s), 0 Warning(s).
</pre>
</body>
</html>
 warning, 0 errors
linking...
Program Size: Code=1060 RO-data=16 RW-data=0 ZI-data=1256  
".\Switch - Q4 and Q5 and Q6.axf" - 0 Error(s), 1 Warning(s).
