<html>
<body>
<pre>
<h1>µVision Build Log</h1>
<h2>Project:</h2>
C:\Users\IDEAPAD\OneDrive\Desktop\projects\Keil\Assignment\Switch\Q2\Switch - Q2.uvproj
Project File Date:  03/07/2024

<h2>Output:</h2>
Build target 'Target 1'
linking...
Program Size: Code=568 RO-data=16 RW-data=0 ZI-data=1256  
FromELF: creating hex file...
".\Switch - Q2.axf" - 0 Error(s), 0 Warning(s).
</pre>
</body>
</html>
68 RO-data=16 RW-data=0 ZI-data=1256  
FromELF: creating hex file...
".\Switch - Q2.axf" - 0 Error(s), 1 Warning(s).
ch - Q2.c(17): error:  #29: expected an expression
                IOCLR0 =| 0x07;
Switch - Q2.c(19): warning:  #1-D: last line of file ends without a newline
  }
Switch - Q2.c: 1 warning, 4 errors
".\Switch - Q2.axf" - 4 Error(s), 1 Warning(s).
Target not created
