<html>
<body>
<pre>
<h1>µVision Build Log</h1>
<h2>Project:</h2>
C:\Users\IDEAPAD\OneDrive\Desktop\projects\Keil\Project\Calculator\Calculator.uvproj
Project File Date:  03/23/2024

<h2>Output:</h2>
Build target 'Target 1'
linking...
Program Size: Code=4296 RO-data=288 RW-data=0 ZI-data=1256  
FromELF: creating hex file...
".\Calculator.axf" - 0 Error(s), 0 Warning(s).
</pre>
</body>
</html>
(60): warning:  #167-D: argument of type "unsigned char *" is incompatible with parameter of type "const char *"
                        X = atoi(x);
main.c(61): warning:  #167-D: argument of type "unsigned char *" is incompatible with parameter of type "const char *"
                        Y = atoi(y);
main.c(82): warning:  #167-D: argument of type "unsigned char *" is incompatible with parameter of type "char *restrict"
        sprintf(r,"%d",R);
main.c(103): warning:  #1-D: last line of file ends without a newline
  }
main.c: 5 warnings, 0 errors
linking...
Program Size: Code=4296 RO-data=288 RW-data=0 ZI-data=1256  
FromELF: creating hex file...
".\Calculator.axf" - 0 Error(s), 5 Warning(s).
0 Error(s), 5 Warning(s).
compatible with parameter of type "const char *"
                        Y = atoi(y);
main.c(65): warning:  #167-D: argument of type "unsigned char *" is incompatible with parameter of type "char *restrict"
        sprintf(r,"%d",R);
main.c(139): warning:  #1-D: last line of file ends without a newline
  }
main.c: 5 warnings, 3 errors
".\Calculator.axf" - 3 Error(s), 5 Warning(s).
Target not created
c(117): warning:  #1-D: last line of file ends without a newline
  }
main.c: 7 warnings, 4 errors
".\Calculator.axf" - 4 Error(s), 7 Warning(s).
Target not created
rors
".\Calculator.axf" - 5 Error(s), 5 Warning(s).
Target not created
e\Desktop\projects\Keil\Header_Files\lcd.h(18): warning:  #223-D: function "portWrite" declared implicitly
  portWrite(1,mycmd);
C:\Users\IDEAPAD\OneDrive\Desktop\projects\Keil\Header_Files\lcd.h(25): warning:  #223-D: function "pinWrite" declared implicitly
  pinWrite(RS,1);
C:\Users\IDEAPAD\OneDrive\Desktop\projects\Keil\Header_Files\lcd.h(27): warning:  #223-D: function "portWrite" declared implicitly
  portWrite(1,mydata);
C:\Users\IDEAPAD\OneDrive\Desktop\projects\Keil\Header_Files\lcd.h(40): warning:  #1-D: last line of file ends without a newline
  #endif /* lcd_H */
main.c: 7 warnings, 8 errors
".\Calculator.axf" - 8 Error(s), 7 Warning(s).
Target not created
