<html>
<body>
<pre>
<h1>µVision Build Log</h1>
<h2>Project:</h2>
C:\Users\IDEAPAD\OneDrive\Desktop\projects\Keil\Assignment\GPS\GPS.uvproj
Project File Date:  04/05/2024

<h2>Output:</h2>
Rebuild target 'Target 1'
assembling Startup.s...
compiling GPS.c...
GPS.c(78): warning:  #111-D: statement is unreachable
      return 0;
GPS.c: 1 warning, 0 errors
linking...
Program Size: Code=752 RO-data=16 RW-data=0 ZI-data=1256  
FromELF: creating hex file...
".\GPS.axf" - 0 Error(s), 1 Warning(s).
</pre>
</body>
</html>
