<html>
<body>
<pre>
<h1>µVision Build Log</h1>
<h2>Project:</h2>
C:\Users\IDEAPAD\OneDrive\Desktop\projects\Keil\Class work\Function writing.uvproj
Project File Date:  03/04/2024

<h2>Output:</h2>
Build target 'Target 1'
linking...
Program Size: Code=644 RO-data=16 RW-data=0 ZI-data=1256  
FromELF: creating hex file...
".\Function writing.axf" - 0 Error(s), 0 Warning(s).
Load "C:\\Users\\IDEAPAD\\OneDrive\\Desktop\\projects\\Keil\\Class work\\Function writing.axf" 
Internal DLL Error
Error: Flash Download failed  -  Target DLL has been cancelled
</pre>
</body>
</html>
 source:  #12-D: parsing restarts here after previous syntax error
Function writing.c(27): error: At end of source:  #67: expected a "}"
Function writing.c: 2 warnings, 3 errors
".\Function writing.axf" - 3 Error(s), 2 Warning(s).
Target not created

s).
Target not created
