<html>
<body>
<pre>
<h1>µVision Build Log</h1>
<h2>Project:</h2>
C:\Users\IDEAPAD\OneDrive\Desktop\projects\Keil\Class work\Switch control - 1.uvproj
Project File Date:  03/07/2024

<h2>Output:</h2>
Build target 'Target 1'
linking...
Program Size: Code=584 RO-data=16 RW-data=0 ZI-data=1256  
FromELF: creating hex file...
".\Switch control - 1.axf" - 0 Error(s), 0 Warning(s).
</pre>
</body>
</html>
12): warning:  #61-D: integer operation result is out of range
        if((IOPIN1 & 0x01<<31)==0){
Switch control - 1.c(12): warning:  #68-D: integer conversion resulted in a change of sign
        if((IOPIN1 & 0x01<<31)==0){
Switch control - 1.c(18): warning:  #1-D: last line of file ends without a newline
  }
Switch control - 1.c: 4 warnings, 0 errors
linking...
Program Size: Code=584 RO-data=16 RW-data=0 ZI-data=1256  
FromELF: creating hex file...
".\Switch control - 1.axf" - 0 Error(s), 4 Warning(s).
