<html>
<body>
<pre>
<h1>µVision Build Log</h1>
<h2>Project:</h2>
C:\Users\IDEAPAD\OneDrive\Desktop\projects\Keil\LED 8 - Q1.uvproj
Project File Date:  03/03/2024

<h2>Output:</h2>
Build target 'Target 1'
linking...
Program Size: Code=524 RO-data=16 RW-data=0 ZI-data=1256  
FromELF: creating hex file...
".\LED 8 - Q1.axf" - 0 Error(s), 0 Warning(s).
</pre>
</body>
</html>
 
".\LED 8 - Q1.axf" - 0 Error(s), 1 Warning(s).
a definition of startup symbol __main.
Not enough information to list image symbols.
Not enough information to list the image map.
Finished: 2 information, 1 warning and 1 error messages.
".\LED 8 - Q1.axf" - 1 Error(s), 1 Warning(s).
Target not created
