<html>
<body>
<pre>
<h1>µVision Build Log</h1>
<h2>Project:</h2>
C:\Users\IDEAPAD\OneDrive\Desktop\projects\Keil\Assignment\7 segment\7 Segment - Q1.uvproj
Project File Date:  03/20/2024

<h2>Output:</h2>
Build target 'Target 1'
linking...
Program Size: Code=800 RO-data=16 RW-data=0 ZI-data=1256  
FromELF: creating hex file...
".\7 Segment - Q1.axf" - 0 Error(s), 0 Warning(s).
</pre>
</body>
</html>
elay multiply defined (by 7 segment - q2.o and 7 segment - q1.o).
.\7 Segment - Q1.axf: Error: L6200E: Symbol main multiply defined (by 7 segment - q2.o and 7 segment - q1.o).
Not enough information to list image symbols.
Not enough information to list the image map.
Finished: 2 information, 0 warning and 3 error messages.
".\7 Segment - Q1.axf" - 3 Error(s), 0 Warning(s).
Target not created
formation, 0 warning and 3 error messages.
".\7 Segment - Q1.axf" - 3 Error(s), 1 Warning(s).
Target not created
