<html>
<body>
<pre>
<h1>µVision Build Log</h1>
<h2>Project:</h2>
C:\Users\IDEAPAD\OneDrive\Desktop\projects\Keil\Project\ADC\ADC1\ADC1.uvproj
Project File Date:  04/05/2024

<h2>Output:</h2>
Rebuild target 'Target 1'
assembling Startup.s...
compiling main.c...
ADC.h(11): warning:  #61-D: integer operation result is out of range
                  while((AD0GDR& (1<<31))==0);
ADC.h(11): warning:  #68-D: integer conversion resulted in a change of sign
                  while((AD0GDR& (1<<31))==0);
ADC.h(17): warning:  #61-D: integer operation result is out of range
                  while((AD1GDR&(1<<31))==0);
ADC.h(17): warning:  #68-D: integer conversion resulted in a change of sign
                  while((AD1GDR&(1<<31))==0);
main.c: 4 warnings, 0 errors
linking...
Program Size: Code=1660 RO-data=32 RW-data=4 ZI-data=1260  
".\ADC1.axf" - 0 Error(s), 4 Warning(s).
</pre>
</body>
</html>
1-D: last line of file ends without a newline
  }
main.c: 7 warnings, 0 errors
linking...
Program Size: Code=1660 RO-data=32 RW-data=4 ZI-data=1260  
".\ADC1.axf" - 0 Error(s), 7 Warning(s).
