<html>
<body>
<pre>
<h1>µVision Build Log</h1>
<h2>Project:</h2>
C:\Users\IDEAPAD\OneDrive\Desktop\projects\Keil\Assignment\LCD_4bit\LCD_4bit.uvproj
Project File Date:  03/31/2024

<h2>Output:</h2>
Rebuild target 'Target 1'
assembling Startup.s...
compiling LCD_4bit.c...
C:\Users\IDEAPAD\OneDrive\Desktop\projects\Keil\Header_Files\lcd_4bit.h(69): warning:  #223-D: function "sprintf" declared implicitly
        sprintf(a,"%hd",x);
LCD_4bit.c: 1 warning, 0 errors
linking...
Program Size: Code=2024 RO-data=32 RW-data=8 ZI-data=1256  
FromELF: creating hex file...
".\LCD_4bit.axf" - 0 Error(s), 1 Warning(s).
</pre>
</body>
</html>
am Size: Code=2024 RO-data=32 RW-data=8 ZI-data=1256  
FromELF: creating hex file...
".\LCD_4bit.axf" - 0 Error(s), 2 Warning(s).
).
, 2 Warning(s).
ize: Code=1140 RO-data=32 RW-data=8 ZI-data=1256  
FromELF: creating hex file...
".\LCD_4bit.axf" - 0 Error(s), 3 Warning(s).

FromELF: creating hex file...
".\LCD_4bit.axf" - 0 Error(s), 4 Warning(s).
