<html>
<body>
<pre>
<h1>µVision Build Log</h1>
<h2>Project:</h2>
C:\Users\IDEAPAD\OneDrive\Desktop\projects\Keil\Assignment\Bluetooth\Bluetooth.uvproj
Project File Date:  04/05/2024

<h2>Output:</h2>
Rebuild target 'Target 1'
assembling Startup.s...
compiling Bluetooth.c...
Bluetooth.c(48): warning:  #111-D: statement is unreachable
      return 0;
Bluetooth.c: 1 warning, 0 errors
linking...
Program Size: Code=572 RO-data=16 RW-data=0 ZI-data=1256  
FromELF: creating hex file...
".\Bluetooth.axf" - 0 Error(s), 1 Warning(s).
</pre>
</body>
</html>
r(s), 1 Warning(s).
Target not created
ion, 1 warning and 1 error messages.
".\Bluetooth.axf" - 1 Error(s), 1 Warning(s).
Target not created
