<html>
<body>
<pre>
<h1>µVision Build Log</h1>
<h2>Project:</h2>
C:\Users\IDEAPAD\OneDrive\Desktop\projects\Keil\Assignment\8 LED\Patterns\Q10\8 LED - Q10.uvproj
Project File Date:  03/04/2024

<h2>Output:</h2>
Build target 'Target 1'
linking...
Program Size: Code=912 RO-data=16 RW-data=0 ZI-data=1256  
".\8 LED - Q10.axf" - 0 Error(s), 0 Warning(s).
</pre>
</body>
</html>
Program Size: Code=912 RO-data=16 RW-data=0 ZI-data=1256  
".\8 LED - Q10.axf" - 0 Error(s), 1 Warning(s).
