<html>
<body>
<pre>
<h1>µVision Build Log</h1>
<h2>Project:</h2>
C:\Users\IDEAPAD\OneDrive\Desktop\projects\Keil\Assignment\7 segment\Q5\7 Segment - Q5.uvproj
Project File Date:  03/20/2024

<h2>Output:</h2>
Build target 'Target 1'
linking...
Program Size: Code=844 RO-data=16 RW-data=0 ZI-data=1256  
".\7 Segment - Q5.axf" - 0 Error(s), 0 Warning(s).
</pre>
</body>
</html>
1) x=10;
7 Segment - Q5.c(64): warning:  #68-D: integer conversion resulted in a change of sign
                if((IOPIN1 & 0x01<<26)==0) n*=-1;
7 Segment - Q5.c(67): warning:  #1-D: last line of file ends without a newline
  }
linking...
Program Size: Code=844 RO-data=16 RW-data=0 ZI-data=1256  
".\7 Segment - Q5.axf" - 0 Error(s), 3 Warning(s).
