<html>
<body>
<pre>
<h1>µVision Build Log</h1>
<h2>Project:</h2>
C:\Users\IDEAPAD\OneDrive\Desktop\projects\Keil\Project\Charger_splitter\charger_splitter.uvproj
Project File Date:  04/01/2024

<h2>Output:</h2>
Rebuild target 'Target 1'
assembling Startup.s...
compiling main.c...
C:\Users\IDEAPAD\OneDrive\Desktop\projects\Keil\Header_Files\lcd_4bit.h(69): warning:  #223-D: function "sprintf" declared implicitly
        sprintf(a,"%d",x);
main.c: 1 warning, 0 errors
linking...
Program Size: Code=5652 RO-data=32 RW-data=16 ZI-data=1272  
FromELF: creating hex file...
".\charger_splitter.axf" - 0 Error(s), 1 Warning(s).
</pre>
</body>
</html>
or(s), 1 Warning(s).
Target not created
ors
".\charger_splitter.axf" - 2 Error(s), 2 Warning(s).
Target not created

".\charger_splitter.axf" - 2 Error(s), 3 Warning(s).
Target not created
n.c: 4 warnings, 2 errors
".\charger_splitter.axf" - 2 Error(s), 4 Warning(s).
Target not created
iles\Basic_Functions\Functions.h(5): error:  #77-D: this declaration has no storage class or type specifier
  void delay(void);
C:\Users\IDEAPAD\OneDrive\Desktop\projects\Keil\Header_Files\Basic_Functions\Functions.h(5): error:  #147: declaration is incompatible with "unsigned int i" (declared at line 14 of "C:\\Users\\IDEAPAD\\OneDrive\\Desktop\\projects\\Keil\\Header_Files\\lcd_4bit.h")
  void delay(void);
C:\Users\IDEAPAD\OneDrive\Desktop\projects\Keil\Header_Files\Basic_Functions\Functions.h(5): error:  #65: expected a ";"
  void delay(void);
C:\Users\IDEAPAD\OneDrive\Desktop\projects\Keil\Header_Files\Basic_Functions\Functions.h(5): error:  #77-D: this declaration has no storage class or type specifier
  void delay(void);
C:\Users\IDEAPAD\OneDrive\Desktop\projects\Keil\Header_Files\Basic_Functions\Functions.h(5): error:  #65: expected a ";"
  void delay(void);
C:\Users\IDEAPAD\OneDrive\Desktop\projects\Keil\Header_Files\Basic_Functions\Functions.h(54): error:  #40: expected an identifier
  void delay(void){
C:\Users\IDEAPAD\OneDrive\Desktop\projects\Keil\Header_Files\Basic_Functions\Functions.h(54): error:  #757: variable "i" is not a type name
  void delay(void){
C:\Users\IDEAPAD\OneDrive\Desktop\projects\Keil\Header_Files\Basic_Functions\Functions.h(54): error:  #18: expected a ")"
  void delay(void){
C:\Users\IDEAPAD\OneDrive\Desktop\projects\Keil\Header_Files\Basic_Functions\Functions.h(54): error:  #77-D: this declaration has no storage class or type specifier
  void delay(void){
C:\Users\IDEAPAD\OneDrive\Desktop\projects\Keil\Header_Files\Basic_Functions\Functions.h(54): error:  #65: expected a ";"
  void delay(void){
C:\Users\IDEAPAD\OneDrive\Desktop\projects\Keil\Header_Files\Basic_Functions\Functions.h(54): error:  #77-D: this declaration has no storage class or type specifier
  void delay(void){
C:\Users\IDEAPAD\OneDrive\Desktop\projects\Keil\Header_Files\Basic_Functions\Functions.h(54): error:  #65: expected a ";"
  void delay(void){
main.c(5): warning:  #12-D: parsing restarts here after previous syntax error
  } charger;
main.c(7): error:  #20: identifier "charger" is undefined
  charger slot[4];
main.c(14): warning:  #1-D: last line of file ends without a newline
  }
main.c: 3 warnings, 16 errors
".\charger_splitter.axf" - 16 Error(s), 3 Warning(s).
Target not created
